[2023-09-11T15:24:23.528+0500][gc,heap] Heap region size: 1M
[2023-09-11T15:24:23.538+0500][gc     ] Using G1
[2023-09-11T15:24:23.538+0500][gc,heap,coops] Heap address: 0x00000000c0000000, size: 1024 MB, Compressed Oops mode: 32-bit
[2023-09-11T15:24:23.538+0500][gc,cds       ] Mark closed archive regions in map: [0x00000000fff00000, 0x00000000fff6bff8]
[2023-09-11T15:24:23.538+0500][gc,cds       ] Mark open archive regions in map: [0x00000000ffe00000, 0x00000000ffe47ff8]
[2023-09-11T15:24:24.016+0500][gc,start     ] GC(0) Pause Young (Normal) (G1 Evacuation Pause)
[2023-09-11T15:24:24.016+0500][gc,task      ] GC(0) Using 8 workers of 8 for evacuation
[2023-09-11T15:24:24.022+0500][gc,phases    ] GC(0)   Pre Evacuate Collection Set: 0.0ms
[2023-09-11T15:24:24.022+0500][gc,phases    ] GC(0)   Evacuate Collection Set: 5.3ms
[2023-09-11T15:24:24.022+0500][gc,phases    ] GC(0)   Post Evacuate Collection Set: 0.3ms
[2023-09-11T15:24:24.022+0500][gc,phases    ] GC(0)   Other: 0.4ms
[2023-09-11T15:24:24.022+0500][gc,heap      ] GC(0) Eden regions: 51->0(44)
[2023-09-11T15:24:24.022+0500][gc,heap      ] GC(0) Survivor regions: 0->7(7)
[2023-09-11T15:24:24.022+0500][gc,heap      ] GC(0) Old regions: 2->2
[2023-09-11T15:24:24.022+0500][gc,heap      ] GC(0) Humongous regions: 0->0
[2023-09-11T15:24:24.022+0500][gc,metaspace ] GC(0) Metaspace: 14034K(14848K)->14034K(14848K) NonClass: 12308K(12800K)->12308K(12800K) Class: 1726K(2048K)->1726K(2048K)
[2023-09-11T15:24:24.022+0500][gc           ] GC(0) Pause Young (Normal) (G1 Evacuation Pause) 51M->7M(1024M) 6.094ms
[2023-09-11T15:24:24.022+0500][gc,cpu       ] GC(0) User=0.03s Sys=0.00s Real=0.01s
[2023-09-11T15:24:24.287+0500][gc,start     ] GC(1) Pause Young (Concurrent Start) (Metadata GC Threshold)
[2023-09-11T15:24:24.287+0500][gc,task      ] GC(1) Using 8 workers of 8 for evacuation
[2023-09-11T15:24:24.291+0500][gc,phases    ] GC(1)   Pre Evacuate Collection Set: 0.1ms
[2023-09-11T15:24:24.291+0500][gc,phases    ] GC(1)   Evacuate Collection Set: 4.0ms
[2023-09-11T15:24:24.291+0500][gc,phases    ] GC(1)   Post Evacuate Collection Set: 0.2ms
[2023-09-11T15:24:24.291+0500][gc,phases    ] GC(1)   Other: 0.2ms
[2023-09-11T15:24:24.291+0500][gc,heap      ] GC(1) Eden regions: 30->0(49)
[2023-09-11T15:24:24.291+0500][gc,heap      ] GC(1) Survivor regions: 7->2(7)
[2023-09-11T15:24:24.291+0500][gc,heap      ] GC(1) Old regions: 2->9
[2023-09-11T15:24:24.291+0500][gc,heap      ] GC(1) Humongous regions: 0->0
[2023-09-11T15:24:24.291+0500][gc,metaspace ] GC(1) Metaspace: 20566K(21248K)->20566K(21248K) NonClass: 18077K(18432K)->18077K(18432K) Class: 2489K(2816K)->2489K(2816K)
[2023-09-11T15:24:24.291+0500][gc           ] GC(1) Pause Young (Concurrent Start) (Metadata GC Threshold) 37M->8M(1024M) 4.526ms
[2023-09-11T15:24:24.291+0500][gc,cpu       ] GC(1) User=0.02s Sys=0.01s Real=0.01s
[2023-09-11T15:24:24.291+0500][gc           ] GC(2) Concurrent Cycle
[2023-09-11T15:24:24.291+0500][gc,marking   ] GC(2) Concurrent Clear Claimed Marks
[2023-09-11T15:24:24.291+0500][gc,marking   ] GC(2) Concurrent Clear Claimed Marks 0.015ms
[2023-09-11T15:24:24.291+0500][gc,marking   ] GC(2) Concurrent Scan Root Regions
[2023-09-11T15:24:24.292+0500][gc,marking   ] GC(2) Concurrent Scan Root Regions 0.682ms
[2023-09-11T15:24:24.292+0500][gc,marking   ] GC(2) Concurrent Mark (0.766s)
[2023-09-11T15:24:24.292+0500][gc,marking   ] GC(2) Concurrent Mark From Roots
[2023-09-11T15:24:24.292+0500][gc,task      ] GC(2) Using 2 workers of 2 for marking
[2023-09-11T15:24:24.296+0500][gc,marking   ] GC(2) Concurrent Mark From Roots 3.328ms
[2023-09-11T15:24:24.296+0500][gc,marking   ] GC(2) Concurrent Preclean
[2023-09-11T15:24:24.296+0500][gc,marking   ] GC(2) Concurrent Preclean 0.081ms
[2023-09-11T15:24:24.296+0500][gc,marking   ] GC(2) Concurrent Mark (0.766s, 0.770s) 3.471ms
[2023-09-11T15:24:24.296+0500][gc,start     ] GC(2) Pause Remark
[2023-09-11T15:24:24.298+0500][gc,stringtable] GC(2) Cleaned string and symbol table, strings: 5135 processed, 0 removed, symbols: 52993 processed, 43 removed
[2023-09-11T15:24:24.298+0500][gc            ] GC(2) Pause Remark 8M->8M(1024M) 1.745ms
[2023-09-11T15:24:24.298+0500][gc,cpu        ] GC(2) User=0.01s Sys=0.00s Real=0.00s
[2023-09-11T15:24:24.298+0500][gc,marking    ] GC(2) Concurrent Rebuild Remembered Sets
[2023-09-11T15:24:24.300+0500][gc,marking    ] GC(2) Concurrent Rebuild Remembered Sets 1.751ms
[2023-09-11T15:24:24.300+0500][gc,start      ] GC(2) Pause Cleanup
[2023-09-11T15:24:24.300+0500][gc            ] GC(2) Pause Cleanup 8M->8M(1024M) 0.125ms
[2023-09-11T15:24:24.300+0500][gc,cpu        ] GC(2) User=0.00s Sys=0.00s Real=0.00s
[2023-09-11T15:24:24.300+0500][gc,marking    ] GC(2) Concurrent Cleanup for Next Mark
[2023-09-11T15:24:24.303+0500][gc,marking    ] GC(2) Concurrent Cleanup for Next Mark 2.771ms
[2023-09-11T15:24:24.303+0500][gc            ] GC(2) Concurrent Cycle 11.278ms
[2023-09-11T15:24:24.853+0500][gc,start      ] GC(3) Pause Young (Normal) (G1 Evacuation Pause)
[2023-09-11T15:24:24.853+0500][gc,task       ] GC(3) Using 8 workers of 8 for evacuation
[2023-09-11T15:24:24.856+0500][gc,phases     ] GC(3)   Pre Evacuate Collection Set: 0.0ms
[2023-09-11T15:24:24.856+0500][gc,phases     ] GC(3)   Evacuate Collection Set: 2.0ms
[2023-09-11T15:24:24.856+0500][gc,phases     ] GC(3)   Post Evacuate Collection Set: 0.2ms
[2023-09-11T15:24:24.856+0500][gc,phases     ] GC(3)   Other: 0.1ms
[2023-09-11T15:24:24.856+0500][gc,heap       ] GC(3) Eden regions: 49->0(47)
[2023-09-11T15:24:24.856+0500][gc,heap       ] GC(3) Survivor regions: 2->4(7)
[2023-09-11T15:24:24.856+0500][gc,heap       ] GC(3) Old regions: 9->9
[2023-09-11T15:24:24.856+0500][gc,heap       ] GC(3) Humongous regions: 129->129
[2023-09-11T15:24:24.856+0500][gc,metaspace  ] GC(3) Metaspace: 28732K(29952K)->28732K(29952K) NonClass: 25407K(26112K)->25407K(26112K) Class: 3324K(3840K)->3324K(3840K)
[2023-09-11T15:24:24.856+0500][gc            ] GC(3) Pause Young (Normal) (G1 Evacuation Pause) 186M->139M(1024M) 2.449ms
[2023-09-11T15:24:24.856+0500][gc,cpu        ] GC(3) User=0.02s Sys=0.00s Real=0.00s
[2023-09-11T15:24:25.176+0500][gc,start      ] GC(4) Pause Young (Concurrent Start) (Metadata GC Threshold)
[2023-09-11T15:24:25.176+0500][gc,task       ] GC(4) Using 8 workers of 8 for evacuation
[2023-09-11T15:24:25.184+0500][gc,phases     ] GC(4)   Pre Evacuate Collection Set: 0.2ms
[2023-09-11T15:24:25.184+0500][gc,phases     ] GC(4)   Evacuate Collection Set: 6.6ms
[2023-09-11T15:24:25.184+0500][gc,phases     ] GC(4)   Post Evacuate Collection Set: 0.4ms
[2023-09-11T15:24:25.184+0500][gc,phases     ] GC(4)   Other: 0.3ms
[2023-09-11T15:24:25.184+0500][gc,heap       ] GC(4) Eden regions: 36->0(44)
[2023-09-11T15:24:25.184+0500][gc,heap       ] GC(4) Survivor regions: 4->7(7)
[2023-09-11T15:24:25.184+0500][gc,heap       ] GC(4) Old regions: 9->9
[2023-09-11T15:24:25.184+0500][gc,heap       ] GC(4) Humongous regions: 129->129
[2023-09-11T15:24:25.184+0500][gc,metaspace  ] GC(4) Metaspace: 34385K(35840K)->34385K(35840K) NonClass: 30353K(31104K)->30353K(31104K) Class: 4032K(4736K)->4032K(4736K)
[2023-09-11T15:24:25.184+0500][gc            ] GC(4) Pause Young (Concurrent Start) (Metadata GC Threshold) 175M->143M(1024M) 7.526ms
[2023-09-11T15:24:25.184+0500][gc,cpu        ] GC(4) User=0.03s Sys=0.00s Real=0.00s
[2023-09-11T15:24:25.184+0500][gc            ] GC(5) Concurrent Cycle
[2023-09-11T15:24:25.184+0500][gc,marking    ] GC(5) Concurrent Clear Claimed Marks
[2023-09-11T15:24:25.184+0500][gc,marking    ] GC(5) Concurrent Clear Claimed Marks 0.071ms
[2023-09-11T15:24:25.184+0500][gc,marking    ] GC(5) Concurrent Scan Root Regions
[2023-09-11T15:24:25.186+0500][gc,marking    ] GC(5) Concurrent Scan Root Regions 2.269ms
[2023-09-11T15:24:25.186+0500][gc,marking    ] GC(5) Concurrent Mark (1.660s)
[2023-09-11T15:24:25.186+0500][gc,marking    ] GC(5) Concurrent Mark From Roots
[2023-09-11T15:24:25.186+0500][gc,task       ] GC(5) Using 2 workers of 2 for marking
[2023-09-11T15:24:25.192+0500][gc,marking    ] GC(5) Concurrent Mark From Roots 5.170ms
[2023-09-11T15:24:25.192+0500][gc,marking    ] GC(5) Concurrent Preclean
[2023-09-11T15:24:25.192+0500][gc,marking    ] GC(5) Concurrent Preclean 0.091ms
[2023-09-11T15:24:25.192+0500][gc,marking    ] GC(5) Concurrent Mark (1.660s, 1.666s) 5.325ms
[2023-09-11T15:24:25.194+0500][gc,start      ] GC(5) Pause Remark
[2023-09-11T15:24:25.200+0500][gc,stringtable] GC(5) Cleaned string and symbol table, strings: 11113 processed, 14 removed, symbols: 86857 processed, 15 removed
[2023-09-11T15:24:25.200+0500][gc            ] GC(5) Pause Remark 144M->144M(1024M) 6.155ms
[2023-09-11T15:24:25.200+0500][gc,cpu        ] GC(5) User=0.02s Sys=0.00s Real=0.01s
[2023-09-11T15:24:25.200+0500][gc,marking    ] GC(5) Concurrent Rebuild Remembered Sets
[2023-09-11T15:24:25.202+0500][gc,marking    ] GC(5) Concurrent Rebuild Remembered Sets 2.344ms
[2023-09-11T15:24:25.203+0500][gc,start      ] GC(5) Pause Cleanup
[2023-09-11T15:24:25.203+0500][gc            ] GC(5) Pause Cleanup 144M->144M(1024M) 0.323ms
[2023-09-11T15:24:25.203+0500][gc,cpu        ] GC(5) User=0.00s Sys=0.00s Real=0.00s
[2023-09-11T15:24:25.203+0500][gc,marking    ] GC(5) Concurrent Cleanup for Next Mark
[2023-09-11T15:24:25.218+0500][gc,marking    ] GC(5) Concurrent Cleanup for Next Mark 14.830ms
[2023-09-11T15:24:25.218+0500][gc            ] GC(5) Concurrent Cycle 33.853ms
[2023-09-11T15:27:15.633+0500][gc,start      ] GC(6) Pause Young (Normal) (G1 Evacuation Pause)
[2023-09-11T15:27:15.634+0500][gc,task       ] GC(6) Using 8 workers of 8 for evacuation
[2023-09-11T15:27:15.644+0500][gc,phases     ] GC(6)   Pre Evacuate Collection Set: 0.0ms
[2023-09-11T15:27:15.644+0500][gc,phases     ] GC(6)   Evacuate Collection Set: 9.4ms
[2023-09-11T15:27:15.644+0500][gc,phases     ] GC(6)   Post Evacuate Collection Set: 0.7ms
[2023-09-11T15:27:15.644+0500][gc,phases     ] GC(6)   Other: 0.2ms
[2023-09-11T15:27:15.644+0500][gc,heap       ] GC(6) Eden regions: 44->0(48)
[2023-09-11T15:27:15.644+0500][gc,heap       ] GC(6) Survivor regions: 7->3(7)
[2023-09-11T15:27:15.644+0500][gc,heap       ] GC(6) Old regions: 9->16
[2023-09-11T15:27:15.644+0500][gc,heap       ] GC(6) Humongous regions: 135->129
[2023-09-11T15:27:15.644+0500][gc,metaspace  ] GC(6) Metaspace: 41030K(43520K)->41030K(43520K) NonClass: 35817K(37120K)->35817K(37120K) Class: 5213K(6400K)->5213K(6400K)
[2023-09-11T15:27:15.644+0500][gc            ] GC(6) Pause Young (Normal) (G1 Evacuation Pause) 193M->145M(1024M) 10.449ms
[2023-09-11T15:27:15.644+0500][gc,cpu        ] GC(6) User=0.07s Sys=0.01s Real=0.01s
[2023-09-11T15:37:16.064+0500][gc,start      ] GC(7) Pause Young (Normal) (G1 Evacuation Pause)
[2023-09-11T15:37:16.065+0500][gc,task       ] GC(7) Using 8 workers of 8 for evacuation
[2023-09-11T15:37:16.071+0500][gc,phases     ] GC(7)   Pre Evacuate Collection Set: 0.0ms
[2023-09-11T15:37:16.071+0500][gc,phases     ] GC(7)   Evacuate Collection Set: 5.1ms
[2023-09-11T15:37:16.071+0500][gc,phases     ] GC(7)   Post Evacuate Collection Set: 1.0ms
[2023-09-11T15:37:16.071+0500][gc,phases     ] GC(7)   Other: 0.5ms
[2023-09-11T15:37:16.071+0500][gc,heap       ] GC(7) Eden regions: 48->0(46)
[2023-09-11T15:37:16.071+0500][gc,heap       ] GC(7) Survivor regions: 3->5(7)
[2023-09-11T15:37:16.071+0500][gc,heap       ] GC(7) Old regions: 16->16
[2023-09-11T15:37:16.071+0500][gc,heap       ] GC(7) Humongous regions: 129->129
[2023-09-11T15:37:16.071+0500][gc,metaspace  ] GC(7) Metaspace: 43498K(46208K)->43498K(46208K) NonClass: 38002K(39424K)->38002K(39424K) Class: 5496K(6784K)->5496K(6784K)
[2023-09-11T15:37:16.071+0500][gc            ] GC(7) Pause Young (Normal) (G1 Evacuation Pause) 193M->147M(1024M) 6.594ms
[2023-09-11T15:37:16.071+0500][gc,cpu        ] GC(7) User=0.04s Sys=0.00s Real=0.01s
[2023-09-11T15:47:25.633+0500][gc,start      ] GC(8) Pause Young (Normal) (G1 Evacuation Pause)
[2023-09-11T15:47:25.634+0500][gc,task       ] GC(8) Using 8 workers of 8 for evacuation
[2023-09-11T15:47:25.641+0500][gc,phases     ] GC(8)   Pre Evacuate Collection Set: 0.0ms
[2023-09-11T15:47:25.641+0500][gc,phases     ] GC(8)   Evacuate Collection Set: 6.2ms
[2023-09-11T15:47:25.641+0500][gc,phases     ] GC(8)   Post Evacuate Collection Set: 0.4ms
[2023-09-11T15:47:25.641+0500][gc,phases     ] GC(8)   Other: 0.5ms
[2023-09-11T15:47:25.641+0500][gc,heap       ] GC(8) Eden regions: 46->0(48)
[2023-09-11T15:47:25.641+0500][gc,heap       ] GC(8) Survivor regions: 5->3(7)
[2023-09-11T15:47:25.641+0500][gc,heap       ] GC(8) Old regions: 16->18
[2023-09-11T15:47:25.641+0500][gc,heap       ] GC(8) Humongous regions: 129->129
[2023-09-11T15:47:25.641+0500][gc,metaspace  ] GC(8) Metaspace: 43743K(46464K)->43743K(46464K) NonClass: 38240K(39680K)->38240K(39680K) Class: 5503K(6784K)->5503K(6784K)
[2023-09-11T15:47:25.641+0500][gc            ] GC(8) Pause Young (Normal) (G1 Evacuation Pause) 193M->147M(1024M) 7.254ms
[2023-09-11T15:47:25.641+0500][gc,cpu        ] GC(8) User=0.05s Sys=0.00s Real=0.01s
[2023-09-11T15:58:33.076+0500][gc,start      ] GC(9) Pause Young (Normal) (G1 Evacuation Pause)
[2023-09-11T15:58:33.076+0500][gc,task       ] GC(9) Using 8 workers of 8 for evacuation
[2023-09-11T15:58:33.085+0500][gc,phases     ] GC(9)   Pre Evacuate Collection Set: 1.2ms
[2023-09-11T15:58:33.085+0500][gc,phases     ] GC(9)   Evacuate Collection Set: 5.1ms
[2023-09-11T15:58:33.085+0500][gc,phases     ] GC(9)   Post Evacuate Collection Set: 1.4ms
[2023-09-11T15:58:33.085+0500][gc,phases     ] GC(9)   Other: 2.2ms
[2023-09-11T15:58:33.085+0500][gc,heap       ] GC(9) Eden regions: 48->0(48)
[2023-09-11T15:58:33.085+0500][gc,heap       ] GC(9) Survivor regions: 3->4(7)
[2023-09-11T15:58:33.085+0500][gc,heap       ] GC(9) Old regions: 18->18
[2023-09-11T15:58:33.085+0500][gc,heap       ] GC(9) Humongous regions: 129->129
[2023-09-11T15:58:33.085+0500][gc,metaspace  ] GC(9) Metaspace: 43815K(46464K)->43815K(46464K) NonClass: 38312K(39680K)->38312K(39680K) Class: 5503K(6784K)->5503K(6784K)
[2023-09-11T15:58:33.086+0500][gc            ] GC(9) Pause Young (Normal) (G1 Evacuation Pause) 195M->148M(1024M) 9.857ms
[2023-09-11T15:58:33.086+0500][gc,cpu        ] GC(9) User=0.03s Sys=0.00s Real=0.01s
[2023-09-11T16:10:03.138+0500][gc,start      ] GC(10) Pause Young (Normal) (G1 Evacuation Pause)
[2023-09-11T16:10:03.138+0500][gc,task       ] GC(10) Using 8 workers of 8 for evacuation
[2023-09-11T16:10:03.146+0500][gc,phases     ] GC(10)   Pre Evacuate Collection Set: 0.1ms
[2023-09-11T16:10:03.146+0500][gc,phases     ] GC(10)   Evacuate Collection Set: 5.9ms
[2023-09-11T16:10:03.146+0500][gc,phases     ] GC(10)   Post Evacuate Collection Set: 1.7ms
[2023-09-11T16:10:03.146+0500][gc,phases     ] GC(10)   Other: 0.7ms
[2023-09-11T16:10:03.146+0500][gc,heap       ] GC(10) Eden regions: 48->0(55)
[2023-09-11T16:10:03.146+0500][gc,heap       ] GC(10) Survivor regions: 4->4(7)
[2023-09-11T16:10:03.146+0500][gc,heap       ] GC(10) Old regions: 18->18
[2023-09-11T16:10:03.146+0500][gc,heap       ] GC(10) Humongous regions: 129->129
[2023-09-11T16:10:03.146+0500][gc,metaspace  ] GC(10) Metaspace: 43896K(46720K)->43896K(46720K) NonClass: 38392K(39936K)->38392K(39936K) Class: 5503K(6784K)->5503K(6784K)
[2023-09-11T16:10:03.146+0500][gc            ] GC(10) Pause Young (Normal) (G1 Evacuation Pause) 196M->148M(1024M) 8.395ms
[2023-09-11T16:10:03.146+0500][gc,cpu        ] GC(10) User=0.06s Sys=0.00s Real=0.00s
[2023-09-11T16:23:15.633+0500][gc,start      ] GC(11) Pause Young (Normal) (G1 Evacuation Pause)
[2023-09-11T16:23:15.633+0500][gc,task       ] GC(11) Using 8 workers of 8 for evacuation
[2023-09-11T16:23:15.643+0500][gc,phases     ] GC(11)   Pre Evacuate Collection Set: 0.0ms
[2023-09-11T16:23:15.643+0500][gc,phases     ] GC(11)   Evacuate Collection Set: 6.7ms
[2023-09-11T16:23:15.643+0500][gc,phases     ] GC(11)   Post Evacuate Collection Set: 2.4ms
[2023-09-11T16:23:15.643+0500][gc,phases     ] GC(11)   Other: 0.3ms
[2023-09-11T16:23:15.643+0500][gc,heap       ] GC(11) Eden regions: 55->0(56)
[2023-09-11T16:23:15.643+0500][gc,heap       ] GC(11) Survivor regions: 4->5(8)
[2023-09-11T16:23:15.643+0500][gc,heap       ] GC(11) Old regions: 18->18
[2023-09-11T16:23:15.643+0500][gc,heap       ] GC(11) Humongous regions: 129->129
[2023-09-11T16:23:15.643+0500][gc,metaspace  ] GC(11) Metaspace: 43962K(46720K)->43962K(46720K) NonClass: 38458K(39936K)->38458K(39936K) Class: 5503K(6784K)->5503K(6784K)
[2023-09-11T16:23:15.643+0500][gc            ] GC(11) Pause Young (Normal) (G1 Evacuation Pause) 203M->149M(1024M) 9.595ms
[2023-09-11T16:23:15.643+0500][gc,cpu        ] GC(11) User=0.06s Sys=0.01s Real=0.01s
[2023-09-11T16:35:40.633+0500][gc,start      ] GC(12) Pause Young (Normal) (G1 Evacuation Pause)
[2023-09-11T16:35:40.633+0500][gc,task       ] GC(12) Using 8 workers of 8 for evacuation
[2023-09-11T16:35:40.643+0500][gc,phases     ] GC(12)   Pre Evacuate Collection Set: 0.1ms
[2023-09-11T16:35:40.643+0500][gc,phases     ] GC(12)   Evacuate Collection Set: 8.7ms
[2023-09-11T16:35:40.643+0500][gc,phases     ] GC(12)   Post Evacuate Collection Set: 0.5ms
[2023-09-11T16:35:40.643+0500][gc,phases     ] GC(12)   Other: 0.3ms
[2023-09-11T16:35:40.643+0500][gc,heap       ] GC(12) Eden regions: 56->0(60)
[2023-09-11T16:35:40.643+0500][gc,heap       ] GC(12) Survivor regions: 5->5(8)
[2023-09-11T16:35:40.643+0500][gc,heap       ] GC(12) Old regions: 18->18
[2023-09-11T16:35:40.643+0500][gc,heap       ] GC(12) Humongous regions: 129->129
[2023-09-11T16:35:40.643+0500][gc,metaspace  ] GC(12) Metaspace: 44039K(46720K)->44039K(46720K) NonClass: 38530K(39936K)->38530K(39936K) Class: 5509K(6784K)->5509K(6784K)
[2023-09-11T16:35:40.643+0500][gc            ] GC(12) Pause Young (Normal) (G1 Evacuation Pause) 205M->150M(1024M) 9.700ms
[2023-09-11T16:35:40.643+0500][gc,cpu        ] GC(12) User=0.07s Sys=0.00s Real=0.01s
[2023-09-11T16:49:45.634+0500][gc,start      ] GC(13) Pause Young (Normal) (G1 Evacuation Pause)
[2023-09-11T16:49:45.634+0500][gc,task       ] GC(13) Using 8 workers of 8 for evacuation
[2023-09-11T16:49:45.641+0500][gc,phases     ] GC(13)   Pre Evacuate Collection Set: 0.5ms
[2023-09-11T16:49:45.641+0500][gc,phases     ] GC(13)   Evacuate Collection Set: 5.6ms
[2023-09-11T16:49:45.641+0500][gc,phases     ] GC(13)   Post Evacuate Collection Set: 0.7ms
[2023-09-11T16:49:45.641+0500][gc,phases     ] GC(13)   Other: 0.6ms
[2023-09-11T16:49:45.641+0500][gc,heap       ] GC(13) Eden regions: 60->0(63)
[2023-09-11T16:49:45.641+0500][gc,heap       ] GC(13) Survivor regions: 5->5(9)
[2023-09-11T16:49:45.641+0500][gc,heap       ] GC(13) Old regions: 18->19
[2023-09-11T16:49:45.641+0500][gc,heap       ] GC(13) Humongous regions: 129->129
[2023-09-11T16:49:45.641+0500][gc,metaspace  ] GC(13) Metaspace: 44044K(46720K)->44044K(46720K) NonClass: 38535K(39936K)->38535K(39936K) Class: 5509K(6784K)->5509K(6784K)
[2023-09-11T16:49:45.641+0500][gc            ] GC(13) Pause Young (Normal) (G1 Evacuation Pause) 210M->150M(1024M) 7.192ms
[2023-09-11T16:49:45.641+0500][gc,cpu        ] GC(13) User=0.03s Sys=0.00s Real=0.01s
[2023-09-12T07:56:42.699+0500][gc,heap,exit  ] Heap
[2023-09-12T07:56:42.699+0500][gc,heap,exit  ]  garbage-first heap   total 1048576K, used 174530K [0x00000000c0000000, 0x0000000100000000)
[2023-09-12T07:56:42.699+0500][gc,heap,exit  ]   region size 1024K, 26 young (26624K), 5 survivors (5120K)
[2023-09-12T07:56:42.699+0500][gc,heap,exit  ]  Metaspace       used 44776K, capacity 47622K, committed 47872K, reserved 1089536K
[2023-09-12T07:56:42.699+0500][gc,heap,exit  ]   class space    used 5714K, capacity 7064K, committed 7168K, reserved 1048576K
