[2023-09-11T12:33:48.392+0500][gc,heap] Heap region size: 1M
[2023-09-11T12:33:48.401+0500][gc     ] Using G1
[2023-09-11T12:33:48.401+0500][gc,heap,coops] Heap address: 0x00000000c0000000, size: 1024 MB, Compressed Oops mode: 32-bit
[2023-09-11T12:33:48.401+0500][gc,cds       ] Mark closed archive regions in map: [0x00000000fff00000, 0x00000000fff6bff8]
[2023-09-11T12:33:48.401+0500][gc,cds       ] Mark open archive regions in map: [0x00000000ffe00000, 0x00000000ffe47ff8]
[2023-09-11T12:33:48.890+0500][gc,start     ] GC(0) Pause Young (Normal) (G1 Evacuation Pause)
[2023-09-11T12:33:48.890+0500][gc,task      ] GC(0) Using 8 workers of 8 for evacuation
[2023-09-11T12:33:48.900+0500][gc,phases    ] GC(0)   Pre Evacuate Collection Set: 0.0ms
[2023-09-11T12:33:48.900+0500][gc,phases    ] GC(0)   Evacuate Collection Set: 9.2ms
[2023-09-11T12:33:48.900+0500][gc,phases    ] GC(0)   Post Evacuate Collection Set: 0.4ms
[2023-09-11T12:33:48.900+0500][gc,phases    ] GC(0)   Other: 0.7ms
[2023-09-11T12:33:48.900+0500][gc,heap      ] GC(0) Eden regions: 51->0(44)
[2023-09-11T12:33:48.900+0500][gc,heap      ] GC(0) Survivor regions: 0->7(7)
[2023-09-11T12:33:48.900+0500][gc,heap      ] GC(0) Old regions: 2->2
[2023-09-11T12:33:48.900+0500][gc,heap      ] GC(0) Humongous regions: 0->0
[2023-09-11T12:33:48.900+0500][gc,metaspace ] GC(0) Metaspace: 13936K(14720K)->13936K(14720K) NonClass: 12224K(12800K)->12224K(12800K) Class: 1712K(1920K)->1712K(1920K)
[2023-09-11T12:33:48.900+0500][gc           ] GC(0) Pause Young (Normal) (G1 Evacuation Pause) 51M->7M(1024M) 10.360ms
[2023-09-11T12:33:48.900+0500][gc,cpu       ] GC(0) User=0.05s Sys=0.00s Real=0.01s
[2023-09-11T12:33:49.180+0500][gc,start     ] GC(1) Pause Young (Concurrent Start) (Metadata GC Threshold)
[2023-09-11T12:33:49.180+0500][gc,task      ] GC(1) Using 8 workers of 8 for evacuation
[2023-09-11T12:33:49.185+0500][gc,phases    ] GC(1)   Pre Evacuate Collection Set: 0.1ms
[2023-09-11T12:33:49.185+0500][gc,phases    ] GC(1)   Evacuate Collection Set: 5.2ms
[2023-09-11T12:33:49.185+0500][gc,phases    ] GC(1)   Post Evacuate Collection Set: 0.3ms
[2023-09-11T12:33:49.185+0500][gc,phases    ] GC(1)   Other: 0.2ms
[2023-09-11T12:33:49.186+0500][gc,heap      ] GC(1) Eden regions: 31->0(49)
[2023-09-11T12:33:49.186+0500][gc,heap      ] GC(1) Survivor regions: 7->2(7)
[2023-09-11T12:33:49.186+0500][gc,heap      ] GC(1) Old regions: 2->9
[2023-09-11T12:33:49.186+0500][gc,heap      ] GC(1) Humongous regions: 0->0
[2023-09-11T12:33:49.186+0500][gc,metaspace ] GC(1) Metaspace: 20549K(21248K)->20549K(21248K) NonClass: 18058K(18432K)->18058K(18432K) Class: 2490K(2816K)->2490K(2816K)
[2023-09-11T12:33:49.186+0500][gc           ] GC(1) Pause Young (Concurrent Start) (Metadata GC Threshold) 37M->8M(1024M) 5.854ms
[2023-09-11T12:33:49.186+0500][gc,cpu       ] GC(1) User=0.02s Sys=0.01s Real=0.01s
[2023-09-11T12:33:49.186+0500][gc           ] GC(2) Concurrent Cycle
[2023-09-11T12:33:49.186+0500][gc,marking   ] GC(2) Concurrent Clear Claimed Marks
[2023-09-11T12:33:49.186+0500][gc,marking   ] GC(2) Concurrent Clear Claimed Marks 0.014ms
[2023-09-11T12:33:49.186+0500][gc,marking   ] GC(2) Concurrent Scan Root Regions
[2023-09-11T12:33:49.186+0500][gc,marking   ] GC(2) Concurrent Scan Root Regions 0.709ms
[2023-09-11T12:33:49.186+0500][gc,marking   ] GC(2) Concurrent Mark (0.796s)
[2023-09-11T12:33:49.186+0500][gc,marking   ] GC(2) Concurrent Mark From Roots
[2023-09-11T12:33:49.186+0500][gc,task      ] GC(2) Using 2 workers of 2 for marking
[2023-09-11T12:33:49.190+0500][gc,marking   ] GC(2) Concurrent Mark From Roots 4.052ms
[2023-09-11T12:33:49.190+0500][gc,marking   ] GC(2) Concurrent Preclean
[2023-09-11T12:33:49.191+0500][gc,marking   ] GC(2) Concurrent Preclean 0.073ms
[2023-09-11T12:33:49.191+0500][gc,marking   ] GC(2) Concurrent Mark (0.796s, 0.800s) 4.178ms
[2023-09-11T12:33:49.191+0500][gc,start     ] GC(2) Pause Remark
[2023-09-11T12:33:49.192+0500][gc,stringtable] GC(2) Cleaned string and symbol table, strings: 5171 processed, 0 removed, symbols: 53153 processed, 44 removed
[2023-09-11T12:33:49.192+0500][gc            ] GC(2) Pause Remark 8M->8M(1024M) 1.835ms
[2023-09-11T12:33:49.192+0500][gc,cpu        ] GC(2) User=0.01s Sys=0.00s Real=0.00s
[2023-09-11T12:33:49.192+0500][gc,marking    ] GC(2) Concurrent Rebuild Remembered Sets
[2023-09-11T12:33:49.194+0500][gc,marking    ] GC(2) Concurrent Rebuild Remembered Sets 1.879ms
[2023-09-11T12:33:49.194+0500][gc,start      ] GC(2) Pause Cleanup
[2023-09-11T12:33:49.195+0500][gc            ] GC(2) Pause Cleanup 8M->8M(1024M) 0.166ms
[2023-09-11T12:33:49.195+0500][gc,cpu        ] GC(2) User=0.00s Sys=0.00s Real=0.00s
[2023-09-11T12:33:49.195+0500][gc,marking    ] GC(2) Concurrent Cleanup for Next Mark
[2023-09-11T12:33:49.198+0500][gc,marking    ] GC(2) Concurrent Cleanup for Next Mark 2.985ms
[2023-09-11T12:33:49.198+0500][gc            ] GC(2) Concurrent Cycle 12.094ms
[2023-09-11T12:33:49.587+0500][gc,start      ] GC(3) Pause Young (Normal) (G1 Evacuation Pause)
[2023-09-11T12:33:49.587+0500][gc,task       ] GC(3) Using 8 workers of 8 for evacuation
[2023-09-11T12:33:49.589+0500][gc,phases     ] GC(3)   Pre Evacuate Collection Set: 0.0ms
[2023-09-11T12:33:49.589+0500][gc,phases     ] GC(3)   Evacuate Collection Set: 1.8ms
[2023-09-11T12:33:49.589+0500][gc,phases     ] GC(3)   Post Evacuate Collection Set: 0.2ms
[2023-09-11T12:33:49.589+0500][gc,phases     ] GC(3)   Other: 0.1ms
[2023-09-11T12:33:49.589+0500][gc,heap       ] GC(3) Eden regions: 49->0(46)
[2023-09-11T12:33:49.589+0500][gc,heap       ] GC(3) Survivor regions: 2->5(7)
[2023-09-11T12:33:49.589+0500][gc,heap       ] GC(3) Old regions: 9->9
[2023-09-11T12:33:49.589+0500][gc,heap       ] GC(3) Humongous regions: 129->129
[2023-09-11T12:33:49.589+0500][gc,metaspace  ] GC(3) Metaspace: 28440K(29696K)->28440K(29696K) NonClass: 25131K(25856K)->25131K(25856K) Class: 3309K(3840K)->3309K(3840K)
[2023-09-11T12:33:49.589+0500][gc            ] GC(3) Pause Young (Normal) (G1 Evacuation Pause) 186M->141M(1024M) 2.185ms
[2023-09-11T12:33:49.589+0500][gc,cpu        ] GC(3) User=0.01s Sys=0.00s Real=0.00s
[2023-09-11T12:33:49.906+0500][gc,start      ] GC(4) Pause Young (Concurrent Start) (Metadata GC Threshold)
[2023-09-11T12:33:49.906+0500][gc,task       ] GC(4) Using 8 workers of 8 for evacuation
[2023-09-11T12:33:49.911+0500][gc,phases     ] GC(4)   Pre Evacuate Collection Set: 0.1ms
[2023-09-11T12:33:49.911+0500][gc,phases     ] GC(4)   Evacuate Collection Set: 4.3ms
[2023-09-11T12:33:49.911+0500][gc,phases     ] GC(4)   Post Evacuate Collection Set: 0.2ms
[2023-09-11T12:33:49.911+0500][gc,phases     ] GC(4)   Other: 0.1ms
[2023-09-11T12:33:49.911+0500][gc,heap       ] GC(4) Eden regions: 31->0(48)
[2023-09-11T12:33:49.911+0500][gc,heap       ] GC(4) Survivor regions: 5->3(7)
[2023-09-11T12:33:49.911+0500][gc,heap       ] GC(4) Old regions: 9->14
[2023-09-11T12:33:49.911+0500][gc,heap       ] GC(4) Humongous regions: 129->129
[2023-09-11T12:33:49.911+0500][gc,metaspace  ] GC(4) Metaspace: 34510K(35840K)->34510K(35840K) NonClass: 30447K(31104K)->30447K(31104K) Class: 4062K(4736K)->4062K(4736K)
[2023-09-11T12:33:49.911+0500][gc            ] GC(4) Pause Young (Concurrent Start) (Metadata GC Threshold) 171M->143M(1024M) 4.818ms
[2023-09-11T12:33:49.911+0500][gc,cpu        ] GC(4) User=0.02s Sys=0.00s Real=0.00s
[2023-09-11T12:33:49.911+0500][gc            ] GC(5) Concurrent Cycle
[2023-09-11T12:33:49.911+0500][gc,marking    ] GC(5) Concurrent Clear Claimed Marks
[2023-09-11T12:33:49.911+0500][gc,marking    ] GC(5) Concurrent Clear Claimed Marks 0.033ms
[2023-09-11T12:33:49.911+0500][gc,marking    ] GC(5) Concurrent Scan Root Regions
[2023-09-11T12:33:49.912+0500][gc,marking    ] GC(5) Concurrent Scan Root Regions 1.016ms
[2023-09-11T12:33:49.912+0500][gc,marking    ] GC(5) Concurrent Mark (1.521s)
[2023-09-11T12:33:49.912+0500][gc,marking    ] GC(5) Concurrent Mark From Roots
[2023-09-11T12:33:49.912+0500][gc,task       ] GC(5) Using 2 workers of 2 for marking
[2023-09-11T12:33:49.920+0500][gc,marking    ] GC(5) Concurrent Mark From Roots 7.938ms
[2023-09-11T12:33:49.920+0500][gc,marking    ] GC(5) Concurrent Preclean
[2023-09-11T12:33:49.920+0500][gc,marking    ] GC(5) Concurrent Preclean 0.109ms
[2023-09-11T12:33:49.920+0500][gc,marking    ] GC(5) Concurrent Mark (1.521s, 1.530s) 8.101ms
[2023-09-11T12:33:49.920+0500][gc,start      ] GC(5) Pause Remark
[2023-09-11T12:33:49.922+0500][gc,stringtable] GC(5) Cleaned string and symbol table, strings: 10998 processed, 13 removed, symbols: 85904 processed, 15 removed
[2023-09-11T12:33:49.922+0500][gc            ] GC(5) Pause Remark 145M->145M(1024M) 2.146ms
[2023-09-11T12:33:49.922+0500][gc,cpu        ] GC(5) User=0.01s Sys=0.00s Real=0.00s
[2023-09-11T12:33:49.922+0500][gc,marking    ] GC(5) Concurrent Rebuild Remembered Sets
[2023-09-11T12:33:49.926+0500][gc,marking    ] GC(5) Concurrent Rebuild Remembered Sets 3.754ms
[2023-09-11T12:33:49.926+0500][gc,start      ] GC(5) Pause Cleanup
[2023-09-11T12:33:49.926+0500][gc            ] GC(5) Pause Cleanup 145M->145M(1024M) 0.099ms
[2023-09-11T12:33:49.926+0500][gc,cpu        ] GC(5) User=0.00s Sys=0.00s Real=0.00s
[2023-09-11T12:33:49.926+0500][gc,marking    ] GC(5) Concurrent Cleanup for Next Mark
[2023-09-11T12:33:49.929+0500][gc,marking    ] GC(5) Concurrent Cleanup for Next Mark 2.846ms
[2023-09-11T12:33:49.929+0500][gc            ] GC(5) Concurrent Cycle 18.339ms
[2023-09-11T12:38:13.277+0500][gc,start      ] GC(6) Pause Young (Concurrent Start) (G1 Evacuation Pause)
[2023-09-11T12:38:13.277+0500][gc,task       ] GC(6) Using 8 workers of 8 for evacuation
[2023-09-11T12:38:13.282+0500][gc,phases     ] GC(6)   Pre Evacuate Collection Set: 0.2ms
[2023-09-11T12:38:13.282+0500][gc,phases     ] GC(6)   Evacuate Collection Set: 3.7ms
[2023-09-11T12:38:13.282+0500][gc,phases     ] GC(6)   Post Evacuate Collection Set: 0.3ms
[2023-09-11T12:38:13.282+0500][gc,phases     ] GC(6)   Other: 0.2ms
[2023-09-11T12:38:13.282+0500][gc,heap       ] GC(6) Eden regions: 48->0(46)
[2023-09-11T12:38:13.282+0500][gc,heap       ] GC(6) Survivor regions: 3->5(7)
[2023-09-11T12:38:13.282+0500][gc,heap       ] GC(6) Old regions: 14->14
[2023-09-11T12:38:13.282+0500][gc,heap       ] GC(6) Humongous regions: 129->129
[2023-09-11T12:38:13.282+0500][gc,metaspace  ] GC(6) Metaspace: 40975K(43468K)->40975K(43468K) NonClass: 35646K(36864K)->35646K(36864K) Class: 5329K(6604K)->5329K(6604K)
[2023-09-11T12:38:13.282+0500][gc            ] GC(6) Pause Young (Concurrent Start) (G1 Evacuation Pause) 191M->145M(1024M) 4.543ms
[2023-09-11T12:38:13.282+0500][gc,cpu        ] GC(6) User=0.03s Sys=0.00s Real=0.00s
[2023-09-11T12:38:13.282+0500][gc            ] GC(7) Concurrent Cycle
[2023-09-11T12:38:13.282+0500][gc,marking    ] GC(7) Concurrent Clear Claimed Marks
[2023-09-11T12:38:13.282+0500][gc,marking    ] GC(7) Concurrent Clear Claimed Marks 0.122ms
[2023-09-11T12:38:13.282+0500][gc,marking    ] GC(7) Concurrent Scan Root Regions
[2023-09-11T12:38:13.283+0500][gc,marking    ] GC(7) Concurrent Scan Root Regions 1.622ms
[2023-09-11T12:38:13.283+0500][gc,marking    ] GC(7) Concurrent Mark (264.893s)
[2023-09-11T12:38:13.283+0500][gc,marking    ] GC(7) Concurrent Mark From Roots
[2023-09-11T12:38:13.283+0500][gc,task       ] GC(7) Using 2 workers of 2 for marking
[2023-09-11T12:38:13.290+0500][gc,marking    ] GC(7) Concurrent Mark From Roots 6.825ms
[2023-09-11T12:38:13.290+0500][gc,marking    ] GC(7) Concurrent Preclean
[2023-09-11T12:38:13.290+0500][gc,marking    ] GC(7) Concurrent Preclean 0.102ms
[2023-09-11T12:38:13.290+0500][gc,marking    ] GC(7) Concurrent Mark (264.893s, 264.900s) 6.977ms
[2023-09-11T12:38:13.291+0500][gc,start      ] GC(7) Pause Remark
[2023-09-11T12:38:13.293+0500][gc,stringtable] GC(7) Cleaned string and symbol table, strings: 12361 processed, 8 removed, symbols: 93274 processed, 2 removed
[2023-09-11T12:38:13.293+0500][gc            ] GC(7) Pause Remark 146M->146M(1024M) 2.487ms
[2023-09-11T12:38:13.293+0500][gc,cpu        ] GC(7) User=0.01s Sys=0.00s Real=0.00s
[2023-09-11T12:38:13.293+0500][gc,marking    ] GC(7) Concurrent Rebuild Remembered Sets
[2023-09-11T12:38:13.298+0500][gc,marking    ] GC(7) Concurrent Rebuild Remembered Sets 4.368ms
[2023-09-11T12:38:13.298+0500][gc,start      ] GC(7) Pause Cleanup
[2023-09-11T12:38:13.298+0500][gc            ] GC(7) Pause Cleanup 146M->146M(1024M) 0.221ms
[2023-09-11T12:38:13.298+0500][gc,cpu        ] GC(7) User=0.00s Sys=0.00s Real=0.00s
[2023-09-11T12:38:13.298+0500][gc,marking    ] GC(7) Concurrent Cleanup for Next Mark
[2023-09-11T12:38:13.299+0500][gc,marking    ] GC(7) Concurrent Cleanup for Next Mark 1.226ms
[2023-09-11T12:38:13.299+0500][gc            ] GC(7) Concurrent Cycle 17.440ms
[2023-09-11T12:47:30.195+0500][gc,start      ] GC(8) Pause Young (Normal) (G1 Evacuation Pause)
[2023-09-11T12:47:30.195+0500][gc,task       ] GC(8) Using 8 workers of 8 for evacuation
[2023-09-11T12:47:30.210+0500][gc,phases     ] GC(8)   Pre Evacuate Collection Set: 0.0ms
[2023-09-11T12:47:30.210+0500][gc,phases     ] GC(8)   Evacuate Collection Set: 14.3ms
[2023-09-11T12:47:30.210+0500][gc,phases     ] GC(8)   Post Evacuate Collection Set: 0.8ms
[2023-09-11T12:47:30.210+0500][gc,phases     ] GC(8)   Other: 0.6ms
[2023-09-11T12:47:30.210+0500][gc,heap       ] GC(8) Eden regions: 46->0(46)
[2023-09-11T12:47:30.210+0500][gc,heap       ] GC(8) Survivor regions: 5->5(7)
[2023-09-11T12:47:30.210+0500][gc,heap       ] GC(8) Old regions: 14->16
[2023-09-11T12:47:30.210+0500][gc,heap       ] GC(8) Humongous regions: 129->129
[2023-09-11T12:47:30.210+0500][gc,metaspace  ] GC(8) Metaspace: 43735K(46668K)->43735K(46668K) NonClass: 38076K(39680K)->38076K(39680K) Class: 5658K(6988K)->5658K(6988K)
[2023-09-11T12:47:30.210+0500][gc            ] GC(8) Pause Young (Normal) (G1 Evacuation Pause) 191M->147M(1024M) 15.806ms
[2023-09-11T12:47:30.210+0500][gc,cpu        ] GC(8) User=0.10s Sys=0.00s Real=0.02s
[2023-09-11T12:57:54.734+0500][gc,start      ] GC(9) Pause Young (Normal) (G1 Evacuation Pause)
[2023-09-11T12:57:54.734+0500][gc,task       ] GC(9) Using 8 workers of 8 for evacuation
[2023-09-11T12:57:54.741+0500][gc,phases     ] GC(9)   Pre Evacuate Collection Set: 0.0ms
[2023-09-11T12:57:54.741+0500][gc,phases     ] GC(9)   Evacuate Collection Set: 5.8ms
[2023-09-11T12:57:54.741+0500][gc,phases     ] GC(9)   Post Evacuate Collection Set: 0.4ms
[2023-09-11T12:57:54.741+0500][gc,phases     ] GC(9)   Other: 0.2ms
[2023-09-11T12:57:54.741+0500][gc,heap       ] GC(9) Eden regions: 46->0(48)
[2023-09-11T12:57:54.741+0500][gc,heap       ] GC(9) Survivor regions: 5->3(7)
[2023-09-11T12:57:54.741+0500][gc,heap       ] GC(9) Old regions: 16->18
[2023-09-11T12:57:54.741+0500][gc,heap       ] GC(9) Humongous regions: 129->129
[2023-09-11T12:57:54.741+0500][gc,metaspace  ] GC(9) Metaspace: 44161K(46924K)->44161K(46924K) NonClass: 38502K(39936K)->38502K(39936K) Class: 5658K(6988K)->5658K(6988K)
[2023-09-11T12:57:54.741+0500][gc            ] GC(9) Pause Young (Normal) (G1 Evacuation Pause) 193M->148M(1024M) 6.465ms
[2023-09-11T12:57:54.741+0500][gc,cpu        ] GC(9) User=0.04s Sys=0.00s Real=0.01s
[2023-09-11T13:09:07.807+0500][gc,start      ] GC(10) Pause Young (Normal) (G1 Evacuation Pause)
[2023-09-11T13:09:07.807+0500][gc,task       ] GC(10) Using 8 workers of 8 for evacuation
[2023-09-11T13:09:07.814+0500][gc,phases     ] GC(10)   Pre Evacuate Collection Set: 0.0ms
[2023-09-11T13:09:07.814+0500][gc,phases     ] GC(10)   Evacuate Collection Set: 4.8ms
[2023-09-11T13:09:07.814+0500][gc,phases     ] GC(10)   Post Evacuate Collection Set: 2.4ms
[2023-09-11T13:09:07.814+0500][gc,phases     ] GC(10)   Other: 0.3ms
[2023-09-11T13:09:07.814+0500][gc,heap       ] GC(10) Eden regions: 48->0(48)
[2023-09-11T13:09:07.814+0500][gc,heap       ] GC(10) Survivor regions: 3->3(7)
[2023-09-11T13:09:07.814+0500][gc,heap       ] GC(10) Old regions: 18->18
[2023-09-11T13:09:07.814+0500][gc,heap       ] GC(10) Humongous regions: 129->129
[2023-09-11T13:09:07.814+0500][gc,metaspace  ] GC(10) Metaspace: 44230K(47180K)->44230K(47180K) NonClass: 38571K(40192K)->38571K(40192K) Class: 5658K(6988K)->5658K(6988K)
[2023-09-11T13:09:07.814+0500][gc            ] GC(10) Pause Young (Normal) (G1 Evacuation Pause) 196M->148M(1024M) 7.745ms
[2023-09-11T13:09:07.814+0500][gc,cpu        ] GC(10) User=0.05s Sys=0.00s Real=0.00s
[2023-09-11T13:20:37.906+0500][gc,start      ] GC(11) Pause Young (Normal) (G1 Evacuation Pause)
[2023-09-11T13:20:37.906+0500][gc,task       ] GC(11) Using 8 workers of 8 for evacuation
[2023-09-11T13:20:37.912+0500][gc,phases     ] GC(11)   Pre Evacuate Collection Set: 0.5ms
[2023-09-11T13:20:37.912+0500][gc,phases     ] GC(11)   Evacuate Collection Set: 4.8ms
[2023-09-11T13:20:37.912+0500][gc,phases     ] GC(11)   Post Evacuate Collection Set: 0.9ms
[2023-09-11T13:20:37.912+0500][gc,phases     ] GC(11)   Other: 0.3ms
[2023-09-11T13:20:37.912+0500][gc,heap       ] GC(11) Eden regions: 48->0(53)
[2023-09-11T13:20:37.912+0500][gc,heap       ] GC(11) Survivor regions: 3->3(7)
[2023-09-11T13:20:37.912+0500][gc,heap       ] GC(11) Old regions: 18->18
[2023-09-11T13:20:37.912+0500][gc,heap       ] GC(11) Humongous regions: 129->129
[2023-09-11T13:20:37.912+0500][gc,metaspace  ] GC(11) Metaspace: 44309K(47180K)->44309K(47180K) NonClass: 38650K(40192K)->38650K(40192K) Class: 5658K(6988K)->5658K(6988K)
[2023-09-11T13:20:37.912+0500][gc            ] GC(11) Pause Young (Normal) (G1 Evacuation Pause) 196M->148M(1024M) 6.511ms
[2023-09-11T13:20:37.912+0500][gc,cpu        ] GC(11) User=0.04s Sys=0.00s Real=0.00s
[2023-09-11T13:25:29.741+0500][gc,heap,exit  ] Heap
[2023-09-11T13:25:29.741+0500][gc,heap,exit  ]  garbage-first heap   total 1048576K, used 180679K [0x00000000c0000000, 0x0000000100000000)
[2023-09-11T13:25:29.741+0500][gc,heap,exit  ]   region size 1024K, 33 young (33792K), 3 survivors (3072K)
[2023-09-11T13:25:29.741+0500][gc,heap,exit  ]  Metaspace       used 45077K, capacity 48020K, committed 48076K, reserved 1089536K
[2023-09-11T13:25:29.741+0500][gc,heap,exit  ]   class space    used 5872K, capacity 7322K, committed 7372K, reserved 1048576K
