[2023-09-11T15:23:50.226+0500][gc,heap] Heap region size: 1M
[2023-09-11T15:23:50.237+0500][gc     ] Using G1
[2023-09-11T15:23:50.237+0500][gc,heap,coops] Heap address: 0x00000000c0000000, size: 1024 MB, Compressed Oops mode: 32-bit
[2023-09-11T15:23:50.237+0500][gc,cds       ] Mark closed archive regions in map: [0x00000000fff00000, 0x00000000fff6bff8]
[2023-09-11T15:23:50.237+0500][gc,cds       ] Mark open archive regions in map: [0x00000000ffe00000, 0x00000000ffe47ff8]
[2023-09-11T15:23:50.779+0500][gc,start     ] GC(0) Pause Young (Normal) (G1 Evacuation Pause)
[2023-09-11T15:23:50.780+0500][gc,task      ] GC(0) Using 8 workers of 8 for evacuation
[2023-09-11T15:23:50.784+0500][gc,phases    ] GC(0)   Pre Evacuate Collection Set: 0.0ms
[2023-09-11T15:23:50.784+0500][gc,phases    ] GC(0)   Evacuate Collection Set: 3.9ms
[2023-09-11T15:23:50.784+0500][gc,phases    ] GC(0)   Post Evacuate Collection Set: 0.4ms
[2023-09-11T15:23:50.784+0500][gc,phases    ] GC(0)   Other: 0.6ms
[2023-09-11T15:23:50.784+0500][gc,heap      ] GC(0) Eden regions: 51->0(44)
[2023-09-11T15:23:50.784+0500][gc,heap      ] GC(0) Survivor regions: 0->7(7)
[2023-09-11T15:23:50.784+0500][gc,heap      ] GC(0) Old regions: 2->2
[2023-09-11T15:23:50.784+0500][gc,heap      ] GC(0) Humongous regions: 0->0
[2023-09-11T15:23:50.784+0500][gc,metaspace ] GC(0) Metaspace: 14024K(14848K)->14024K(14848K) NonClass: 12299K(12800K)->12299K(12800K) Class: 1725K(2048K)->1725K(2048K)
[2023-09-11T15:23:50.784+0500][gc           ] GC(0) Pause Young (Normal) (G1 Evacuation Pause) 51M->7M(1024M) 5.007ms
[2023-09-11T15:23:50.784+0500][gc,cpu       ] GC(0) User=0.03s Sys=0.00s Real=0.00s
[2023-09-11T15:23:51.052+0500][gc,start     ] GC(1) Pause Young (Concurrent Start) (Metadata GC Threshold)
[2023-09-11T15:23:51.052+0500][gc,task      ] GC(1) Using 8 workers of 8 for evacuation
[2023-09-11T15:23:51.059+0500][gc,phases    ] GC(1)   Pre Evacuate Collection Set: 0.1ms
[2023-09-11T15:23:51.059+0500][gc,phases    ] GC(1)   Evacuate Collection Set: 5.8ms
[2023-09-11T15:23:51.059+0500][gc,phases    ] GC(1)   Post Evacuate Collection Set: 0.2ms
[2023-09-11T15:23:51.059+0500][gc,phases    ] GC(1)   Other: 0.2ms
[2023-09-11T15:23:51.059+0500][gc,heap      ] GC(1) Eden regions: 30->0(49)
[2023-09-11T15:23:51.059+0500][gc,heap      ] GC(1) Survivor regions: 7->2(7)
[2023-09-11T15:23:51.059+0500][gc,heap      ] GC(1) Old regions: 2->9
[2023-09-11T15:23:51.059+0500][gc,heap      ] GC(1) Humongous regions: 0->0
[2023-09-11T15:23:51.059+0500][gc,metaspace ] GC(1) Metaspace: 20500K(21248K)->20500K(21248K) NonClass: 18022K(18432K)->18022K(18432K) Class: 2477K(2816K)->2477K(2816K)
[2023-09-11T15:23:51.059+0500][gc           ] GC(1) Pause Young (Concurrent Start) (Metadata GC Threshold) 37M->8M(1024M) 6.351ms
[2023-09-11T15:23:51.059+0500][gc,cpu       ] GC(1) User=0.03s Sys=0.00s Real=0.01s
[2023-09-11T15:23:51.059+0500][gc           ] GC(2) Concurrent Cycle
[2023-09-11T15:23:51.059+0500][gc,marking   ] GC(2) Concurrent Clear Claimed Marks
[2023-09-11T15:23:51.059+0500][gc,marking   ] GC(2) Concurrent Clear Claimed Marks 0.015ms
[2023-09-11T15:23:51.059+0500][gc,marking   ] GC(2) Concurrent Scan Root Regions
[2023-09-11T15:23:51.060+0500][gc,marking   ] GC(2) Concurrent Scan Root Regions 0.874ms
[2023-09-11T15:23:51.060+0500][gc,marking   ] GC(2) Concurrent Mark (0.836s)
[2023-09-11T15:23:51.060+0500][gc,marking   ] GC(2) Concurrent Mark From Roots
[2023-09-11T15:23:51.060+0500][gc,task      ] GC(2) Using 2 workers of 2 for marking
[2023-09-11T15:23:51.063+0500][gc,marking   ] GC(2) Concurrent Mark From Roots 3.446ms
[2023-09-11T15:23:51.063+0500][gc,marking   ] GC(2) Concurrent Preclean
[2023-09-11T15:23:51.063+0500][gc,marking   ] GC(2) Concurrent Preclean 0.055ms
[2023-09-11T15:23:51.063+0500][gc,marking   ] GC(2) Concurrent Mark (0.836s, 0.840s) 3.540ms
[2023-09-11T15:23:51.063+0500][gc,start     ] GC(2) Pause Remark
[2023-09-11T15:23:51.065+0500][gc,stringtable] GC(2) Cleaned string and symbol table, strings: 5123 processed, 0 removed, symbols: 52879 processed, 43 removed
[2023-09-11T15:23:51.065+0500][gc            ] GC(2) Pause Remark 8M->8M(1024M) 1.655ms
[2023-09-11T15:23:51.065+0500][gc,cpu        ] GC(2) User=0.01s Sys=0.00s Real=0.00s
[2023-09-11T15:23:51.065+0500][gc,marking    ] GC(2) Concurrent Rebuild Remembered Sets
[2023-09-11T15:23:51.067+0500][gc,marking    ] GC(2) Concurrent Rebuild Remembered Sets 2.180ms
[2023-09-11T15:23:51.067+0500][gc,start      ] GC(2) Pause Cleanup
[2023-09-11T15:23:51.067+0500][gc            ] GC(2) Pause Cleanup 8M->8M(1024M) 0.177ms
[2023-09-11T15:23:51.067+0500][gc,cpu        ] GC(2) User=0.00s Sys=0.00s Real=0.00s
[2023-09-11T15:23:51.067+0500][gc,marking    ] GC(2) Concurrent Cleanup for Next Mark
[2023-09-11T15:23:51.070+0500][gc,marking    ] GC(2) Concurrent Cleanup for Next Mark 2.991ms
[2023-09-11T15:23:51.071+0500][gc            ] GC(2) Concurrent Cycle 11.779ms
[2023-09-11T15:23:51.689+0500][gc,start      ] GC(3) Pause Young (Normal) (G1 Evacuation Pause)
[2023-09-11T15:23:51.689+0500][gc,task       ] GC(3) Using 8 workers of 8 for evacuation
[2023-09-11T15:23:51.691+0500][gc,phases     ] GC(3)   Pre Evacuate Collection Set: 0.0ms
[2023-09-11T15:23:51.691+0500][gc,phases     ] GC(3)   Evacuate Collection Set: 2.3ms
[2023-09-11T15:23:51.691+0500][gc,phases     ] GC(3)   Post Evacuate Collection Set: 0.2ms
[2023-09-11T15:23:51.691+0500][gc,phases     ] GC(3)   Other: 0.1ms
[2023-09-11T15:23:51.691+0500][gc,heap       ] GC(3) Eden regions: 49->0(47)
[2023-09-11T15:23:51.691+0500][gc,heap       ] GC(3) Survivor regions: 2->4(7)
[2023-09-11T15:23:51.691+0500][gc,heap       ] GC(3) Old regions: 9->9
[2023-09-11T15:23:51.691+0500][gc,heap       ] GC(3) Humongous regions: 129->129
[2023-09-11T15:23:51.691+0500][gc,metaspace  ] GC(3) Metaspace: 28550K(29696K)->28550K(29696K) NonClass: 25255K(25856K)->25255K(25856K) Class: 3295K(3840K)->3295K(3840K)
[2023-09-11T15:23:51.691+0500][gc            ] GC(3) Pause Young (Normal) (G1 Evacuation Pause) 186M->139M(1024M) 2.687ms
[2023-09-11T15:23:51.691+0500][gc,cpu        ] GC(3) User=0.02s Sys=0.00s Real=0.00s
[2023-09-11T15:23:52.193+0500][gc,heap,exit  ] Heap
[2023-09-11T15:23:52.193+0500][gc,heap,exit  ]  garbage-first heap   total 1048576K, used 174670K [0x00000000c0000000, 0x0000000100000000)
[2023-09-11T15:23:52.193+0500][gc,heap,exit  ]   region size 1024K, 36 young (36864K), 4 survivors (4096K)
[2023-09-11T15:23:52.193+0500][gc,heap,exit  ]  Metaspace       used 32395K, capacity 33702K, committed 33792K, reserved 1079296K
[2023-09-11T15:23:52.193+0500][gc,heap,exit  ]   class space    used 3929K, capacity 4553K, committed 4608K, reserved 1048576K
